.\venv1\Scripts\python.exe
 : WARNING: All log 
messages before 
absl::InitializeLog() is 
called are written to 
STDERR
At line:1 char:32
+ ... NG="utf-8"; .\venv1\
Scripts\python.exe -X 
utf8 test_model.py > 
test_o ...
+                 ~~~~~~~~
~~~~~~~~~~~~~~~~~~~~~~~~~~
~~~~~~~~~~~~~~~~~~~~~~~
    + CategoryInfo        
      : NotSpecified: (W  
  ARNING: All lo...itte   
 n to STDERR:String) [    
], RemoteException
    + FullyQualifiedError 
   Id : NativeCommandErr  
  or
 
I0000 
00:00:1775522605.523148   
30564 port.cc:153] oneDNN 
custom operations are on. 
You may see slightly 
different numerical 
results due to 
floating-point round-off 
errors from different 
computation orders. To 
turn them off, set the 
environment variable 
`TF_ENABLE_ONEDNN_OPTS=0`.
WARNING: All log messages 
before 
absl::InitializeLog() is 
called are written to 
STDERR
I0000 
00:00:1775522609.435102   
30564 port.cc:153] oneDNN 
custom operations are on. 
You may see slightly 
different numerical 
results due to 
floating-point round-off 
errors from different 
computation orders. To 
turn them off, set the 
environment variable 
`TF_ENABLE_ONEDNN_OPTS=0`.
class_indices: {'Actinic Keratosis': 0, 'Basal Cell Carcinoma': 1, 'Benign Keratosis': 2, 'Dermatofibroma': 3, 'Melanocytic Nevus': 4, 'Melanoma': 5, 'Vascular Lesion': 6}
index_to_class: {0: 'Actinic Keratosis', 1: 'Basal Cell Carcinoma', 2: 'Benign Keratosis', 3: 'Dermatofibroma', 4: 'Melanocytic Nevus', 5: 'Melanoma', 6: 'Vascular Lesion'}
num_classes: 7
I0000 
00:00:1775522610.216217   
30564 
cpu_feature_guard.cc:227] 
This TensorFlow binary is 
optimized to use 
available CPU 
instructions in 
performance-critical 
operations.
To enable the following 
instructions: SSE3 SSE4.1 
SSE4.2 AVX AVX2 FMA, in 
other operations, rebuild 
TensorFlow with the 
appropriate compiler 
flags.
WARNING:tensorflow:TensorF
low GPU support is not 
available on native 
Windows for TensorFlow >= 
2.11. Even if CUDA/cuDNN 
are installed, GPU will 
not be used. Please use 
WSL2 or the 
TensorFlow-DirectML 
plugin.
Model output shape: (None, 7)
OK: output count matches (7)

Random [0-255] (no normalization - current behavior):
  [0] Actinic Keratosis            0.00%
  [1] Basal Cell Carcinoma         0.00%
  [2] Benign Keratosis             0.00%
  [3] Dermatofibroma               0.00%
  [4] Melanocytic Nevus            0.00%
  [5] Melanoma                   100.00% <<< TOP
  [6] Vascular Lesion              0.00%

Same image [0-1] (with /255 normalization):
  [0] Actinic Keratosis           13.46%
  [1] Basal Cell Carcinoma        14.07%
  [2] Benign Keratosis            15.70%
  [3] Dermatofibroma              10.30%
  [4] Melanocytic Nevus           13.03%
  [5] Melanoma                    23.81% <<< TOP
  [6] Vascular Lesion              9.63%

Random2 [0-1] normalized:
  [0] Actinic Keratosis           13.58%
  [1] Basal Cell Carcinoma        14.02%
  [2] Benign Keratosis            15.72%
  [3] Dermatofibroma              10.54%
  [4] Melanocytic Nevus           13.33%
  [5] Melanoma                    22.98% <<< TOP
  [6] Vascular Lesion              9.83%

First 5 layers:
  Layer 0: input_layer (InputLayer)
  Layer 1: block1_conv1 (Conv2D)
  Layer 2: block1_conv1_bn (BatchNormalization)
  Layer 3: block1_conv1_act (Activation)
  Layer 4: block1_conv2 (Conv2D)

Done.
